Test completed - syntax errors fixed
